../Core/Src/ble_td5322a.c:14:13:BLE_SendCommand	16	static
../Core/Src/ble_td5322a.c:19:6:BLE_AT	8	static
../Core/Src/ble_td5322a.c:24:6:BLE_Reset	8	static
../Core/Src/ble_td5322a.c:29:6:BLE_RestoreDefaults	8	static
../Core/Src/ble_td5322a.c:34:6:BLE_ReadVersion	8	static
../Core/Src/ble_td5322a.c:39:6:BLE_ReadName	8	static
../Core/Src/ble_td5322a.c:44:6:BLE_SetName	80	static
../Core/Src/ble_td5322a.c:51:6:BLE_ReadMAC	8	static
../Core/Src/ble_td5322a.c:56:6:BLE_ReadRole	8	static
../Core/Src/ble_td5322a.c:61:6:BLE_SetRole	48	static
../Core/Src/ble_td5322a.c:68:6:BLE_SetPIN	48	static
../Core/Src/ble_td5322a.c:75:6:BLE_SetSecurity	48	static
../Core/Src/ble_td5322a.c:82:6:BLE_ReadSecurity	8	static
../Core/Src/ble_td5322a.c:87:6:BLE_ReadPIN	8	static
../Core/Src/ble_td5322a.c:92:6:BLE_EnterATMode	8	static
../Core/Src/ble_td5322a.c:97:6:BLE_EnterBLEMode	8	static
../Core/Src/ble_td5322a.c:102:6:BLE_SetLog	48	static
../Core/Src/ble_td5322a.c:109:6:BLE_ReadLog	8	static
../Core/Src/ble_td5322a.c:114:6:BLE_SetLED	48	static
../Core/Src/ble_td5322a.c:121:6:BLE_ReadLED	8	static
../Core/Src/ble_td5322a.c:126:6:BLE_SetRFPower	48	static
../Core/Src/ble_td5322a.c:133:6:BLE_ReadUUID	8	static
../Core/Src/ble_td5322a.c:138:6:BLE_SetUUID	152	static
../Core/Src/ble_td5322a.c:146:6:BLE_ReadAdvData	8	static
../Core/Src/ble_td5322a.c:151:6:BLE_SetAdvData	144	static
../Core/Src/ble_td5322a.c:158:6:BLE_ReadAdvInterval	8	static
../Core/Src/ble_td5322a.c:163:6:BLE_SetAdvInterval	80	static
../Core/Src/ble_td5322a.c:170:6:BLE_SetBroadcast	48	static
../Core/Src/ble_td5322a.c:177:6:BLE_SetLowPowerMode	48	static
../Core/Src/ble_td5322a.c:184:6:BLE_ReadLowPowerMode	8	static
../Core/Src/ble_td5322a.c:189:6:BLE_Scan	8	static
../Core/Src/ble_td5322a.c:194:6:BLE_ConnectTo	80	static
../Core/Src/ble_td5322a.c:201:6:BLE_Disconnect	48	static
../Core/Src/ble_td5322a.c:208:6:BLE_Sleep	8	static
../Core/Src/ble_td5322a.c:212:6:BLE_ReadBaudrate	8	static
../Core/Src/ble_td5322a.c:217:6:BLE_SetBaudrate	48	static
../Core/Src/ble_td5322a.c:224:6:BLE_ReadMode	8	static
../Core/Src/ble_td5322a.c:229:6:BLE_SetMode	48	static
../Core/Src/ble_td5322a.c:236:6:BLE_ReadSPPName	8	static
../Core/Src/ble_td5322a.c:241:6:BLE_SetSPPName	80	static
../Core/Src/ble_td5322a.c:248:6:BLE_ReadSPPMAC	8	static
../Core/Src/ble_td5322a.c:253:6:BLE_SetBLEMAC	80	static
../Core/Src/ble_td5322a.c:260:6:BLE_SetSPPMAC	80	static
../Core/Src/ble_td5322a.c:267:6:BLE_SetTargetUUID	144	static
../Core/Src/ble_td5322a.c:274:6:BLE_ScanStart	8	static
../Core/Src/ble_td5322a.c:279:6:BLE_SetScanLimits	56	static
../Core/Src/ble_td5322a.c:286:6:BLE_SetScanParams	88	static
../Core/Src/ble_td5322a.c:293:6:BLE_ClearBindings	8	static
../Core/Src/ble_td5322a.c:298:6:BLE_SetAutoConnect	80	static
