../Core/Src/ble_td5322a.c:14:6:BLE_SendCommand	16	static
../Core/Src/ble_td5322a.c:18:6:BLE_SendTrame	16	static
../Core/Src/ble_td5322a.c:23:6:BLE_AT	8	static
../Core/Src/ble_td5322a.c:28:6:BLE_Reset	8	static
../Core/Src/ble_td5322a.c:33:6:BLE_RestoreDefaults	8	static
../Core/Src/ble_td5322a.c:38:6:BLE_ReadVersion	8	static
../Core/Src/ble_td5322a.c:43:6:BLE_ReadName	8	static
../Core/Src/ble_td5322a.c:48:6:BLE_SetName	80	static
../Core/Src/ble_td5322a.c:55:6:BLE_ReadMAC	8	static
../Core/Src/ble_td5322a.c:60:6:BLE_ReadRole	8	static
../Core/Src/ble_td5322a.c:65:6:BLE_SetRole	48	static
../Core/Src/ble_td5322a.c:72:6:BLE_SetPIN	48	static
../Core/Src/ble_td5322a.c:79:6:BLE_SetSecurity	48	static
../Core/Src/ble_td5322a.c:86:6:BLE_ReadSecurity	8	static
../Core/Src/ble_td5322a.c:91:6:BLE_ReadPIN	8	static
../Core/Src/ble_td5322a.c:96:6:BLE_EnterATMode	8	static
../Core/Src/ble_td5322a.c:101:6:BLE_EnterBLEMode	8	static
../Core/Src/ble_td5322a.c:106:6:BLE_SetLog	48	static
../Core/Src/ble_td5322a.c:113:6:BLE_ReadLog	8	static
../Core/Src/ble_td5322a.c:118:6:BLE_SetLED	48	static
../Core/Src/ble_td5322a.c:125:6:BLE_ReadLED	8	static
../Core/Src/ble_td5322a.c:130:6:BLE_SetRFPower	48	static
../Core/Src/ble_td5322a.c:137:6:BLE_ReadUUID	8	static
../Core/Src/ble_td5322a.c:142:6:BLE_SetUUID	152	static
../Core/Src/ble_td5322a.c:150:6:BLE_ReadAdvData	8	static
../Core/Src/ble_td5322a.c:155:6:BLE_SetAdvData	144	static
../Core/Src/ble_td5322a.c:162:6:BLE_ReadAdvInterval	8	static
../Core/Src/ble_td5322a.c:167:6:BLE_SetAdvInterval	80	static
../Core/Src/ble_td5322a.c:174:6:BLE_SetBroadcast	48	static
../Core/Src/ble_td5322a.c:181:6:BLE_SetLowPowerMode	48	static
../Core/Src/ble_td5322a.c:188:6:BLE_ReadLowPowerMode	8	static
../Core/Src/ble_td5322a.c:193:6:BLE_Scan	8	static
../Core/Src/ble_td5322a.c:198:6:BLE_ConnectTo	80	static
../Core/Src/ble_td5322a.c:205:6:BLE_Disconnect	48	static
../Core/Src/ble_td5322a.c:212:6:BLE_Sleep	8	static
../Core/Src/ble_td5322a.c:216:6:BLE_ReadBaudrate	8	static
../Core/Src/ble_td5322a.c:221:6:BLE_SetBaudrate	48	static
../Core/Src/ble_td5322a.c:228:6:BLE_ReadMode	8	static
../Core/Src/ble_td5322a.c:233:6:BLE_SetMode	48	static
../Core/Src/ble_td5322a.c:240:6:BLE_ReadSPPName	8	static
../Core/Src/ble_td5322a.c:245:6:BLE_SetSPPName	80	static
../Core/Src/ble_td5322a.c:252:6:BLE_ReadSPPMAC	8	static
../Core/Src/ble_td5322a.c:257:6:BLE_SetBLEMAC	80	static
../Core/Src/ble_td5322a.c:264:6:BLE_SetSPPMAC	80	static
../Core/Src/ble_td5322a.c:271:6:BLE_SetTargetUUID	144	static
../Core/Src/ble_td5322a.c:278:6:BLE_ScanStart	8	static
../Core/Src/ble_td5322a.c:283:6:BLE_SetScanLimits	56	static
../Core/Src/ble_td5322a.c:290:6:BLE_SetScanParams	88	static
../Core/Src/ble_td5322a.c:297:6:BLE_ClearBindings	8	static
../Core/Src/ble_td5322a.c:302:6:BLE_SetAutoConnect	80	static
