../Core/Src/main.c:74:5:main	8	static
../Core/Src/main.c:153:6:SystemClock_Config	88	static
../Core/Src/main.c:196:13:MX_ADC1_Init	24	static
../Core/Src/main.c:270:13:MX_TIM3_Init	32	static
../Core/Src/main.c:315:13:MX_TIM4_Init	32	static
../Core/Src/main.c:360:13:MX_USART1_UART_Init	8	static
../Core/Src/main.c:391:13:MX_DMA_Init	16	static
../Core/Src/main.c:409:13:MX_GPIO_Init	40	static
../Core/Src/main.c:457:6:HAL_UART_RxCpltCallback	16	static
../Core/Src/main.c:501:6:Error_Handler	4	static,ignoring_inline_asm
