../Core/Src/main.c:74:5:main	8	static
../Core/Src/main.c:147:6:SystemClock_Config	88	static
../Core/Src/main.c:190:13:MX_ADC1_Init	24	static
../Core/Src/main.c:264:13:MX_TIM3_Init	32	static
../Core/Src/main.c:309:13:MX_TIM4_Init	32	static
../Core/Src/main.c:354:13:MX_USART1_UART_Init	8	static
../Core/Src/main.c:385:13:MX_DMA_Init	16	static
../Core/Src/main.c:403:13:MX_GPIO_Init	40	static
../Core/Src/main.c:451:6:HAL_UART_RxCpltCallback	16	static
../Core/Src/main.c:495:6:Error_Handler	4	static,ignoring_inline_asm
