../Core/Src/mycode.c:33:6:handle_BLE_DISC	4	static
../Core/Src/mycode.c:37:6:handle_BLE_CONN	4	static
../Core/Src/mycode.c:41:6:handle_OK	4	static
../Core/Src/mycode.c:45:6:handle_ERR_CMD	4	static
../Core/Src/mycode.c:49:6:handle_RSTING	4	static
../Core/Src/mycode.c:52:6:handle_CONNECTING	4	static
../Core/Src/mycode.c:58:6:process_trame_rx	24	static
../Core/Src/mycode.c:83:6:config_BLE	8	static
../Core/Src/mycode.c:99:6:wait_until_flag	24	static
../Core/Src/mycode.c:115:6:TIMEOUT_ERR_HANDLER	4	static
../Core/Src/mycode.c:132:6:send_trame_if_necessary	8	static
../Core/Src/mycode.c:141:6:build_drone_trame	32	static
../Core/Src/mycode.c:162:6:uint8_to_readable_char	24	static
../Core/Src/mycode.c:181:6:process_trame	32	static
