../Core/Src/stm32f1xx_it.c:75:6:NMI_Handler	4	static
../Core/Src/stm32f1xx_it.c:90:6:HardFault_Handler	4	static
../Core/Src/stm32f1xx_it.c:105:6:MemManage_Handler	4	static
../Core/Src/stm32f1xx_it.c:120:6:BusFault_Handler	4	static
../Core/Src/stm32f1xx_it.c:135:6:UsageFault_Handler	4	static
../Core/Src/stm32f1xx_it.c:150:6:SVC_Handler	4	static
../Core/Src/stm32f1xx_it.c:163:6:DebugMon_Handler	4	static
../Core/Src/stm32f1xx_it.c:176:6:PendSV_Handler	4	static
../Core/Src/stm32f1xx_it.c:189:6:SysTick_Handler	8	static
../Core/Src/stm32f1xx_it.c:210:6:EXTI1_IRQHandler	8	static
../Core/Src/stm32f1xx_it.c:225:6:EXTI2_IRQHandler	8	static
../Core/Src/stm32f1xx_it.c:240:6:EXTI3_IRQHandler	8	static
../Core/Src/stm32f1xx_it.c:255:6:EXTI4_IRQHandler	8	static
../Core/Src/stm32f1xx_it.c:270:6:DMA1_Channel1_IRQHandler	8	static
../Core/Src/stm32f1xx_it.c:284:6:ADC1_2_IRQHandler	8	static
../Core/Src/stm32f1xx_it.c:298:6:EXTI9_5_IRQHandler	8	static
../Core/Src/stm32f1xx_it.c:313:6:TIM4_IRQHandler	8	static
../Core/Src/stm32f1xx_it.c:332:6:USART1_IRQHandler	8	static
