../Core/Src/main.c:77:5:main	8	static
../Core/Src/main.c:133:6:SystemClock_Config	88	static
../Core/Src/main.c:177:13:MX_RTC_Init	8	static
../Core/Src/main.c:208:13:MX_TIM1_Init	80	static
../Core/Src/main.c:273:13:MX_TIM2_Init	48	static
../Core/Src/main.c:322:13:MX_TIM3_Init	48	static
../Core/Src/main.c:371:13:MX_TIM4_Init	48	static
../Core/Src/main.c:420:13:MX_USART1_UART_Init	8	static
../Core/Src/main.c:453:13:MX_GPIO_Init	24	static
../Core/Src/main.c:474:6:HAL_UART_RxCpltCallback	16	static
../Core/Src/main.c:517:6:Error_Handler	4	static,ignoring_inline_asm
