../Core/Src/main.c:77:5:main	8	static
../Core/Src/main.c:167:6:SystemClock_Config	88	static
../Core/Src/main.c:211:13:MX_RTC_Init	8	static
../Core/Src/main.c:242:13:MX_TIM1_Init	80	static
../Core/Src/main.c:307:13:MX_TIM2_Init	48	static
../Core/Src/main.c:356:13:MX_TIM3_Init	48	static
../Core/Src/main.c:405:13:MX_TIM4_Init	48	static
../Core/Src/main.c:454:13:MX_USART1_UART_Init	8	static
../Core/Src/main.c:487:13:MX_GPIO_Init	24	static
../Core/Src/main.c:507:6:HAL_UART_RxCpltCallback	16	static
../Core/Src/main.c:623:6:Error_Handler	4	static,ignoring_inline_asm
