../Core/Src/mycode.c:35:6:handle_BLE_DISC	4	static
../Core/Src/mycode.c:41:6:handle_BLE_CONN	4	static
../Core/Src/mycode.c:46:6:handle_OK	4	static
../Core/Src/mycode.c:50:6:handle_ERR_CMD	4	static
../Core/Src/mycode.c:54:6:handle_RSTING	4	static
../Core/Src/mycode.c:57:6:handle_CONNECTING	4	static
../Core/Src/mycode.c:60:6:handle_RESTORING	4	static
../Core/Src/mycode.c:67:6:process_trame_rx	24	static
../Core/Src/mycode.c:118:6:config_BLE_drone	8	static
../Core/Src/mycode.c:136:6:wait_until_flag	24	static
../Core/Src/mycode.c:152:6:TIMEOUT_ERR_HANDLER	4	static
../Core/Src/mycode.c:169:6:send_trame_if_necessary	8	static
../Core/Src/mycode.c:179:6:build_drone_trame_char	48	static
../Core/Src/mycode.c:254:6:parse_drone_trame_char	72	dynamic
