16:18:15 **** Incremental Build of configuration Debug for project UESTC_controller ****
make -j4 all 
arm-none-eabi-gcc "../Core/Src/main.c" -mcpu=cortex-m3 -std=gnu11 -g3 -DDEBUG -DUSE_HAL_DRIVER -DSTM32F103xB -c -I../Core/Inc -I../Drivers/STM32F1xx_HAL_Driver/Inc/Legacy -I../Drivers/STM32F1xx_HAL_Driver/Inc -I../Drivers/CMSIS/Device/ST/STM32F1xx/Include -I../Drivers/CMSIS/Include -O0 -ffunction-sections -fdata-sections -Wall -fstack-usage -fcyclomatic-complexity -MMD -MP -MF"Core/Src/main.d" -MT"Core/Src/main.o" --specs=nano.specs -mfloat-abi=soft -mthumb -o "Core/Src/main.o"
arm-none-eabi-gcc "../Core/Src/mycode.c" -mcpu=cortex-m3 -std=gnu11 -g3 -DDEBUG -DUSE_HAL_DRIVER -DSTM32F103xB -c -I../Core/Inc -I../Drivers/STM32F1xx_HAL_Driver/Inc/Legacy -I../Drivers/STM32F1xx_HAL_Driver/Inc -I../Drivers/CMSIS/Device/ST/STM32F1xx/Include -I../Drivers/CMSIS/Include -O0 -ffunction-sections -fdata-sections -Wall -fstack-usage -fcyclomatic-complexity -MMD -MP -MF"Core/Src/mycode.d" -MT"Core/Src/mycode.o" --specs=nano.specs -mfloat-abi=soft -mthumb -o "Core/Src/mycode.o"
arm-none-eabi-gcc "../Core/Src/stm32f1xx_hal_msp.c" -mcpu=cortex-m3 -std=gnu11 -g3 -DDEBUG -DUSE_HAL_DRIVER -DSTM32F103xB -c -I../Core/Inc -I../Drivers/STM32F1xx_HAL_Driver/Inc/Legacy -I../Drivers/STM32F1xx_HAL_Driver/Inc -I../Drivers/CMSIS/Device/ST/STM32F1xx/Include -I../Drivers/CMSIS/Include -O0 -ffunction-sections -fdata-sections -Wall -fstack-usage -fcyclomatic-complexity -MMD -MP -MF"Core/Src/stm32f1xx_hal_msp.d" -MT"Core/Src/stm32f1xx_hal_msp.o" --specs=nano.specs -mfloat-abi=soft -mthumb -o "Core/Src/stm32f1xx_hal_msp.o"
arm-none-eabi-gcc "../Core/Src/stm32f1xx_it.c" -mcpu=cortex-m3 -std=gnu11 -g3 -DDEBUG -DUSE_HAL_DRIVER -DSTM32F103xB -c -I../Core/Inc -I../Drivers/STM32F1xx_HAL_Driver/Inc/Legacy -I../Drivers/STM32F1xx_HAL_Driver/Inc -I../Drivers/CMSIS/Device/ST/STM32F1xx/Include -I../Drivers/CMSIS/Include -O0 -ffunction-sections -fdata-sections -Wall -fstack-usage -fcyclomatic-complexity -MMD -MP -MF"Core/Src/stm32f1xx_it.d" -MT"Core/Src/stm32f1xx_it.o" --specs=nano.specs -mfloat-abi=soft -mthumb -o "Core/Src/stm32f1xx_it.o"
arm-none-eabi-gcc -o "UESTC_controller.elf" @"objects.list"   -mcpu=cortex-m3 -T"D:\GitHubs\UESTC_internship\UESTC_controller\STM32F103C8TX_FLASH.ld" --specs=nosys.specs -Wl,-Map="UESTC_controller.map" -Wl,--gc-sections -static --specs=nano.specs -mfloat-abi=soft -mthumb -Wl,--start-group -lc -lm -Wl,--end-group
Finished building target: UESTC_controller.elf
 
arm-none-eabi-size  UESTC_controller.elf 
arm-none-eabi-objdump -h -S UESTC_controller.elf  > "UESTC_controller.list"
   text	   data	    bss	    dec	    hex	filename
  16312	     12	   2044	  18368	   47c0	UESTC_controller.elf
Finished building: default.size.stdout
 
Finished building: UESTC_controller.list
 
16:18:23 **** Incremental Build of configuration Debug for project UESTC_controller ****
make -j4 all 
arm-none-eabi-size  UESTC_controller.elf 
   text	   data	    bss	    dec	    hex	filename
  16312	     12	   2044	  18368	   47c0	UESTC_controller.elf
Finished building: default.size.stdout
 
16:19:13 **** Incremental Build of configuration Debug for project UESTC_controller ****
make -j4 all 
arm-none-eabi-size  UESTC_controller.elf 
   text	   data	    bss	    dec	    hex	filename
  16312	     12	   2044	  18368	   47c0	UESTC_controller.elf
Finished building: default.size.stdout
 
16:39:37 **** Incremental Build of configuration Debug for project UESTC_controller ****
make -j4 all 
arm-none-eabi-gcc "../Core/Src/main.c" -mcpu=cortex-m3 -std=gnu11 -g3 -DDEBUG -DUSE_HAL_DRIVER -DSTM32F103xB -c -I../Core/Inc -I../Drivers/STM32F1xx_HAL_Driver/Inc/Legacy -I../Drivers/STM32F1xx_HAL_Driver/Inc -I../Drivers/CMSIS/Device/ST/STM32F1xx/Include -I../Drivers/CMSIS/Include -O0 -ffunction-sections -fdata-sections -Wall -fstack-usage -fcyclomatic-complexity -MMD -MP -MF"Core/Src/main.d" -MT"Core/Src/main.o" --specs=nano.specs -mfloat-abi=soft -mthumb -o "Core/Src/main.o"
arm-none-eabi-gcc -o "UESTC_controller.elf" @"objects.list"   -mcpu=cortex-m3 -T"D:\GitHubs\UESTC_internship\UESTC_controller\STM32F103C8TX_FLASH.ld" --specs=nosys.specs -Wl,-Map="UESTC_controller.map" -Wl,--gc-sections -static --specs=nano.specs -mfloat-abi=soft -mthumb -Wl,--start-group -lc -lm -Wl,--end-group
Finished building target: UESTC_controller.elf
 
arm-none-eabi-size  UESTC_controller.elf 
arm-none-eabi-objdump -h -S UESTC_controller.elf  > "UESTC_controller.list"
   text	   data	    bss	    dec	    hex	filename
  16312	     12	   2044	  18368	   47c0	UESTC_controller.elf
Finished building: default.size.stdout
 
Finished building: UESTC_controller.list
 
